     1                                   lab4.asm
     1          ******************       warning: label alone on a line without a colon might be in error [-w+label-orphan]
     2                                  SECTION .data                             ; Начало секции данных
     3 00000000 54617479616E612056-         lab4:     DB 'Tatyana Vanyushkina',10 ; 'Tatyana Vanyushkina' плюс
     3 00000009 616E797573686B696E-
     3 00000012 610A               
     4                                                                            ; символ перевода строки
     5                                      lab4Len: EQU $-lab4                   ; Длина строки lab4
     6                                  SECTION .text                             ; Начало секции кода
     7                                      GLOBAL _start
     8                                  _start:             ; Точка входа в программу
     9 00000000 B804000000                  mov eax,4       ; Системный вызов для записи (sys_write)
    10 00000005 BB01000000                  mov ebx,1       ; Описатель файла '1' - стандартный вывод
    11 0000000A B9[00000000]                mov ecx,lab4    ; Адрес строки lab4 в ecx
    12 0000000F BA14000000                  mov edx,lab4Len ; Размер строки lab4
    13 00000014 CD80                        int 80h         ; Вызов ядра
    14 00000016 B801000000                  mov eax,1       ; Системный вызов для выхода (sys_exit)
    15 0000001B BB00000000                  mov ebx,0       ; Выход с кодом возврата '0' (без ошибок)
    16 00000020 CD80                        int 80h         ; Вызов ядра
